
> plateforme-de-gestion-equipe@0.1.0 build
> next build

  Ôû▓ Next.js 14.2.3
  - Environments: .env.local, .env

   Creating an optimized production build ...
node.exe : [baseline-browser-mapping] The data in this module is over two months old.  To ensure accurate Baseline data, please update: `npm i 
baseline-browser-mapping@latest -D`
At C:\Program Files\nodejs\npm.ps1:29 char:3
+   & $NODE_EXE $NPM_CLI_JS $args
+   ~~~~~~~~~~~~~~~~~~~~~~~~~~~~~
    + CategoryInfo          : NotSpecified: ([baseline-brows...ping@latest -D`:String) [], RemoteException
    + FullyQualifiedErrorId : NativeCommandError
 

[1m[33mwarn[39m[22m - The class `duration-[3s]` is ambiguous and matches multiple utilities.
[1m[33mwarn[39m[22m - If this is content and not a class, replace it with `duration-&lsqb;3s&rsqb;` to silence this warning.
 Ô£ô Compiled successfully
   Linting and checking validity of types ...
   Collecting page data ...
   Generating static pages (0/50) ...
Erreur lors de la r├®cup├®ration des utilisateurs: n [Error]: Dynamic server usage: Route /api/admin/users couldn't be rendered statically because it used 
headers. See more info here: https://nextjs.org/docs/messages/dynamic-server-error
    at l (C:\Users\user\PLATEFORME  DE GESTION EQUIPE\.next\server\chunks\8948.js:1:37249)
    at d (C:\Users\user\PLATEFORME  DE GESTION EQUIPE\.next\server\chunks\5609.js:30:29742)
    at s (C:\Users\user\PLATEFORME  DE GESTION EQUIPE\.next\server\chunks\5609.js:30:19584)
    at c (C:\Users\user\PLATEFORME  DE GESTION EQUIPE\.next\server\app\api\admin\users\route.js:1:1305)
    at C:\Users\user\PLATEFORME  DE GESTION EQUIPE\node_modules\next\dist\compiled\next-server\app-route.runtime.prod.js:6:34672
    at C:\Users\user\PLATEFORME  DE GESTION EQUIPE\node_modules\next\dist\server\lib\trace\tracer.js:140:36
    at NoopContextManager.with (C:\Users\user\PLATEFORME  DE GESTION EQUIPE\node_modules\next\dist\compiled\@opentelemetry\api\index.js:1:7062)
    at ContextAPI.with (C:\Users\user\PLATEFORME  DE GESTION EQUIPE\node_modules\next\dist\compiled\@opentelemetry\api\index.js:1:518)
    at NoopTracer.startActiveSpan (C:\Users\user\PLATEFORME  DE GESTION EQUIPE\node_modules\next\dist\compiled\@opentelemetry\api\index.js:1:18093)
    at ProxyTracer.startActiveSpan (C:\Users\user\PLATEFORME  DE GESTION EQUIPE\node_modules\next\dist\compiled\@opentelemetry\api\index.js:1:18854) {
  description: "Route /api/admin/users couldn't be rendered statically because it used headers. See more info here: 
https://nextjs.org/docs/messages/dynamic-server-error",
  digest: 'DYNAMIC_SERVER_USAGE'
}
Erreur lors de la r├®cup├®ration des statistiques: n [Error]: Dynamic server usage: Route /api/admin/stats couldn't be rendered statically because it used 
headers. See more info here: https://nextjs.org/docs/messages/dynamic-server-error
    at l (C:\Users\user\PLATEFORME  DE GESTION EQUIPE\.next\server\chunks\8948.js:1:37249)
    at d (C:\Users\user\PLATEFORME  DE GESTION EQUIPE\.next\server\chunks\5609.js:30:29742)
    at s (C:\Users\user\PLATEFORME  DE GESTION EQUIPE\.next\server\chunks\5609.js:30:19584)
    at d (C:\Users\user\PLATEFORME  DE GESTION EQUIPE\.next\server\app\api\admin\stats\route.js:1:1305)
    at C:\Users\user\PLATEFORME  DE GESTION EQUIPE\node_modules\next\dist\compiled\next-server\app-route.runtime.prod.js:6:34672
    at C:\Users\user\PLATEFORME  DE GESTION EQUIPE\node_modules\next\dist\server\lib\trace\tracer.js:140:36
    at NoopContextManager.with (C:\Users\user\PLATEFORME  DE GESTION EQUIPE\node_modules\next\dist\compiled\@opentelemetry\api\index.js:1:7062)
    at ContextAPI.with (C:\Users\user\PLATEFORME  DE GESTION EQUIPE\node_modules\next\dist\compiled\@opentelemetry\api\index.js:1:518)
    at NoopTracer.startActiveSpan (C:\Users\user\PLATEFORME  DE GESTION EQUIPE\node_modules\next\dist\compiled\@opentelemetry\api\index.js:1:18093)
    at ProxyTracer.startActiveSpan (C:\Users\user\PLATEFORME  DE GESTION EQUIPE\node_modules\next\dist\compiled\@opentelemetry\api\index.js:1:18854) {
  description: "Route /api/admin/stats couldn't be rendered statically because it used headers. See more info here: 
https://nextjs.org/docs/messages/dynamic-server-error",
  digest: 'DYNAMIC_SERVER_USAGE'
}
Erreur lors de la r├®cup├®ration des utilisateurs: n [Error]: Dynamic server usage: Route /api/chat/users couldn't be rendered statically because it used 
headers. See more info here: https://nextjs.org/docs/messages/dynamic-server-error
    at l (C:\Users\user\PLATEFORME  DE GESTION EQUIPE\.next\server\chunks\8948.js:1:37249)
    at d (C:\Users\user\PLATEFORME  DE GESTION EQUIPE\.next\server\chunks\5609.js:30:29742)
    at s (C:\Users\user\PLATEFORME  DE GESTION EQUIPE\.next\server\chunks\5609.js:30:19584)
    at d (C:\Users\user\PLATEFORME  DE GESTION EQUIPE\.next\server\app\api\chat\users\route.js:1:1305)
    at C:\Users\user\PLATEFORME  DE GESTION EQUIPE\node_modules\next\dist\compiled\next-server\app-route.runtime.prod.js:6:34672
    at C:\Users\user\PLATEFORME  DE GESTION EQUIPE\node_modules\next\dist\server\lib\trace\tracer.js:140:36
    at NoopContextManager.with (C:\Users\user\PLATEFORME  DE GESTION EQUIPE\node_modules\next\dist\compiled\@opentelemetry\api\index.js:1:7062)
    at ContextAPI.with (C:\Users\user\PLATEFORME  DE GESTION EQUIPE\node_modules\next\dist\compiled\@opentelemetry\api\index.js:1:518)
    at NoopTracer.startActiveSpan (C:\Users\user\PLATEFORME  DE GESTION EQUIPE\node_modules\next\dist\compiled\@opentelemetry\api\index.js:1:18093)
    at ProxyTracer.startActiveSpan (C:\Users\user\PLATEFORME  DE GESTION EQUIPE\node_modules\next\dist\compiled\@opentelemetry\api\index.js:1:18854) {
  description: "Route /api/chat/users couldn't be rendered statically because it used headers. See more info here: 
https://nextjs.org/docs/messages/dynamic-server-error",
  digest: 'DYNAMIC_SERVER_USAGE'
}
Erreur lors de la r├®cup├®ration des statistiques de rapports: n [Error]: Dynamic server usage: Route /api/admin/reports/stats couldn't be rendered statically 
because it used headers. See more info here: https://nextjs.org/docs/messages/dynamic-server-error
    at l (C:\Users\user\PLATEFORME  DE GESTION EQUIPE\.next\server\chunks\8948.js:1:37249)
    at d (C:\Users\user\PLATEFORME  DE GESTION EQUIPE\.next\server\chunks\5609.js:30:29742)
    at s (C:\Users\user\PLATEFORME  DE GESTION EQUIPE\.next\server\chunks\5609.js:30:19584)
    at c (C:\Users\user\PLATEFORME  DE GESTION EQUIPE\.next\server\app\api\admin\reports\stats\route.js:1:1305)
    at C:\Users\user\PLATEFORME  DE GESTION EQUIPE\node_modules\next\dist\compiled\next-server\app-route.runtime.prod.js:6:34672
    at C:\Users\user\PLATEFORME  DE GESTION EQUIPE\node_modules\next\dist\server\lib\trace\tracer.js:140:36
    at NoopContextManager.with (C:\Users\user\PLATEFORME  DE GESTION EQUIPE\node_modules\next\dist\compiled\@opentelemetry\api\index.js:1:7062)
    at ContextAPI.with (C:\Users\user\PLATEFORME  DE GESTION EQUIPE\node_modules\next\dist\compiled\@opentelemetry\api\index.js:1:518)
    at NoopTracer.startActiveSpan (C:\Users\user\PLATEFORME  DE GESTION EQUIPE\node_modules\next\dist\compiled\@opentelemetry\api\index.js:1:18093)
    at ProxyTracer.startActiveSpan (C:\Users\user\PLATEFORME  DE GESTION EQUIPE\node_modules\next\dist\compiled\@opentelemetry\api\index.js:1:18854) {
  description: "Route /api/admin/reports/stats couldn't be rendered statically because it used headers. See more info here: 
https://nextjs.org/docs/messages/dynamic-server-error",
  digest: 'DYNAMIC_SERVER_USAGE'
}
Error fetching rooms: n [Error]: Dynamic server usage: Route /api/chat/rooms couldn't be rendered statically because it used headers. See more info here: 
https://nextjs.org/docs/messages/dynamic-server-error
    at l (C:\Users\user\PLATEFORME  DE GESTION EQUIPE\.next\server\chunks\8948.js:1:37249)
    at d (C:\Users\user\PLATEFORME  DE GESTION EQUIPE\.next\server\chunks\5609.js:30:29742)
    at s (C:\Users\user\PLATEFORME  DE GESTION EQUIPE\.next\server\chunks\5609.js:30:19584)
    at d (C:\Users\user\PLATEFORME  DE GESTION EQUIPE\.next\server\app\api\chat\rooms\route.js:1:1305)
    at C:\Users\user\PLATEFORME  DE GESTION EQUIPE\node_modules\next\dist\compiled\next-server\app-route.runtime.prod.js:6:34672
    at C:\Users\user\PLATEFORME  DE GESTION EQUIPE\node_modules\next\dist\server\lib\trace\tracer.js:140:36
    at NoopContextManager.with (C:\Users\user\PLATEFORME  DE GESTION EQUIPE\node_modules\next\dist\compiled\@opentelemetry\api\index.js:1:7062)
    at ContextAPI.with (C:\Users\user\PLATEFORME  DE GESTION EQUIPE\node_modules\next\dist\compiled\@opentelemetry\api\index.js:1:518)
    at NoopTracer.startActiveSpan (C:\Users\user\PLATEFORME  DE GESTION EQUIPE\node_modules\next\dist\compiled\@opentelemetry\api\index.js:1:18093)
    at ProxyTracer.startActiveSpan (C:\Users\user\PLATEFORME  DE GESTION EQUIPE\node_modules\next\dist\compiled\@opentelemetry\api\index.js:1:18854) {
  description: "Route /api/chat/rooms couldn't be rendered statically because it used headers. See more info here: 
https://nextjs.org/docs/messages/dynamic-server-error",
  digest: 'DYNAMIC_SERVER_USAGE'
}
Erreur stats dashboard: n [Error]: Dynamic server usage: Route /api/dashboard/stats couldn't be rendered statically because it used headers. See more info 
here: https://nextjs.org/docs/messages/dynamic-server-error
    at l (C:\Users\user\PLATEFORME  DE GESTION EQUIPE\.next\server\chunks\8948.js:1:37249)
    at d (C:\Users\user\PLATEFORME  DE GESTION EQUIPE\.next\server\chunks\5609.js:30:29742)
    at s (C:\Users\user\PLATEFORME  DE GESTION EQUIPE\.next\server\chunks\5609.js:30:19584)
    at c (C:\Users\user\PLATEFORME  DE GESTION EQUIPE\.next\server\app\api\dashboard\stats\route.js:1:1305)
    at C:\Users\user\PLATEFORME  DE GESTION EQUIPE\node_modules\next\dist\compiled\next-server\app-route.runtime.prod.js:6:34672
    at C:\Users\user\PLATEFORME  DE GESTION EQUIPE\node_modules\next\dist\server\lib\trace\tracer.js:140:36
    at NoopContextManager.with (C:\Users\user\PLATEFORME  DE GESTION EQUIPE\node_modules\next\dist\compiled\@opentelemetry\api\index.js:1:7062)
    at ContextAPI.with (C:\Users\user\PLATEFORME  DE GESTION EQUIPE\node_modules\next\dist\compiled\@opentelemetry\api\index.js:1:518)
    at NoopTracer.startActiveSpan (C:\Users\user\PLATEFORME  DE GESTION EQUIPE\node_modules\next\dist\compiled\@opentelemetry\api\index.js:1:18093)
    at ProxyTracer.startActiveSpan (C:\Users\user\PLATEFORME  DE GESTION EQUIPE\node_modules\next\dist\compiled\@opentelemetry\api\index.js:1:18854) {
  description: "Route /api/dashboard/stats couldn't be rendered statically because it used headers. See more info here: 
https://nextjs.org/docs/messages/dynamic-server-error",
  digest: 'DYNAMIC_SERVER_USAGE'
}
   Generating static pages (12/50) 
Search error: n [Error]: Dynamic server usage: Route /api/search couldn't be rendered statically because it used headers. See more info here: 
https://nextjs.org/docs/messages/dynamic-server-error
    at l (C:\Users\user\PLATEFORME  DE GESTION EQUIPE\.next\server\chunks\8948.js:1:37249)
    at d (C:\Users\user\PLATEFORME  DE GESTION EQUIPE\.next\server\chunks\5609.js:30:29742)
    at s (C:\Users\user\PLATEFORME  DE GESTION EQUIPE\.next\server\chunks\5609.js:30:19584)
    at d (C:\Users\user\PLATEFORME  DE GESTION EQUIPE\.next\server\app\api\search\route.js:1:1303)
    at C:\Users\user\PLATEFORME  DE GESTION EQUIPE\node_modules\next\dist\compiled\next-server\app-route.runtime.prod.js:6:34672
    at C:\Users\user\PLATEFORME  DE GESTION EQUIPE\node_modules\next\dist\server\lib\trace\tracer.js:140:36
    at NoopContextManager.with (C:\Users\user\PLATEFORME  DE GESTION EQUIPE\node_modules\next\dist\compiled\@opentelemetry\api\index.js:1:7062)
    at ContextAPI.with (C:\Users\user\PLATEFORME  DE GESTION EQUIPE\node_modules\next\dist\compiled\@opentelemetry\api\index.js:1:518)
    at NoopTracer.startActiveSpan (C:\Users\user\PLATEFORME  DE GESTION EQUIPE\node_modules\next\dist\compiled\@opentelemetry\api\index.js:1:18093)
    at ProxyTracer.startActiveSpan (C:\Users\user\PLATEFORME  DE GESTION EQUIPE\node_modules\next\dist\compiled\@opentelemetry\api\index.js:1:18854) {
  description: "Route /api/search couldn't be rendered statically because it used headers. See more info here: 
https://nextjs.org/docs/messages/dynamic-server-error",
  digest: 'DYNAMIC_SERVER_USAGE'
}
   Generating static pages (24/50) 
   Generating static pages (37/50) 
 Ô£ô Generating static pages (50/50)
   Finalizing page optimization ...
   Collecting build traces ...

Route (app)                                  Size     First Load JS
Ôöî Ôùï /                                        7.16 kB         153 kB
Ôö£ Ôùï /_not-found                              879 B          88.2 kB
Ôö£ Ôùï /abba                                    1.19 kB         126 kB
Ôö£ Ôùï /admin                                   4.85 kB         164 kB
Ôö£ Ôùï /admin/groups                            3.78 kB         139 kB
Ôö£ Ôùï /admin/reports                           8.15 kB         133 kB
Ôö£ ãÆ /api/admin/groups                        0 B                0 B
Ôö£ ãÆ /api/admin/groups/[id]                   0 B                0 B
Ôö£ ãÆ /api/admin/groups/[id]/members           0 B                0 B
Ôö£ ãÆ /api/admin/groups/[id]/members/[userId]  0 B                0 B
Ôö£ ãÆ /api/admin/reports                       0 B                0 B
Ôö£ ãÆ /api/admin/reports/[id]/export           0 B                0 B
Ôö£ ãÆ /api/admin/reports/stats                 0 B                0 B
Ôö£ ãÆ /api/admin/stats                         0 B                0 B
Ôö£ ãÆ /api/admin/users                         0 B                0 B
Ôö£ ãÆ /api/admin/users/[id]                    0 B                0 B
Ôö£ ãÆ /api/auth/[...nextauth]                  0 B                0 B
Ôö£ ãÆ /api/auth/signup                         0 B                0 B
Ôö£ ãÆ /api/chat/rooms                          0 B                0 B
Ôö£ ãÆ /api/chat/rooms/[id]/members             0 B                0 B
Ôö£ ãÆ /api/chat/rooms/[id]/messages            0 B                0 B
Ôö£ ãÆ /api/chat/upload                         0 B                0 B
Ôö£ ãÆ /api/chat/users                          0 B                0 B
Ôö£ ãÆ /api/contacts                            0 B                0 B
Ôö£ ãÆ /api/dashboard/stats                     0 B                0 B
Ôö£ ãÆ /api/events                              0 B                0 B
Ôö£ ãÆ /api/files                               0 B                0 B
Ôö£ ãÆ /api/files/[id]                          0 B                0 B
Ôö£ ãÆ /api/files/upload                        0 B                0 B
Ôö£ ãÆ /api/notifications                       0 B                0 B
Ôö£ ãÆ /api/projects                            0 B                0 B
Ôö£ ãÆ /api/projects/[id]                       0 B                0 B
Ôö£ ãÆ /api/projects/[id]/activity              0 B                0 B
Ôö£ ãÆ /api/projects/[id]/comments              0 B                0 B
Ôö£ ãÆ /api/projects/[id]/contacts              0 B                0 B
Ôö£ ãÆ /api/projects/[id]/groups                0 B                0 B
Ôö£ ãÆ /api/projects/[id]/members               0 B                0 B
Ôö£ ãÆ /api/projects/[id]/report                0 B                0 B
Ôö£ ãÆ /api/projects/[id]/reports               0 B                0 B
Ôö£ ãÆ /api/projects/[id]/reports/export        0 B                0 B
Ôö£ ãÆ /api/projects/join                       0 B                0 B
Ôö£ ãÆ /api/reports                             0 B                0 B
Ôö£ ãÆ /api/search                              0 B                0 B
Ôö£ Ôùï /api/socket                              0 B                0 B
Ôö£ ãÆ /api/tasks                               0 B                0 B
Ôö£ ãÆ /api/tasks/[id]                          0 B                0 B
Ôö£ ãÆ /api/tasks/[id]/status                   0 B                0 B
Ôö£ ãÆ /api/user/password                       0 B                0 B
Ôö£ ãÆ /api/user/profile                        0 B                0 B
Ôö£ ãÆ /api/video                               0 B                0 B
Ôö£ ãÆ /api/video/join/[roomId]                 0 B                0 B
Ôö£ Ôùï /auth/forgot-password                    2.06 kB         134 kB
Ôö£ Ôùï /auth/signin                             1.33 kB         105 kB
Ôö£ Ôùï /auth/signup                             3.05 kB        97.2 kB
Ôö£ Ôùï /calendar                                66 kB           225 kB
Ôö£ Ôùï /chat                                    862 B           226 kB
Ôö£ Ôùï /contacts                                9.14 kB         144 kB
Ôö£ ãÆ /dashboard                               4.06 kB         163 kB
Ôö£ Ôùï /directory                               5.39 kB         164 kB
Ôö£ ãÆ /events                                  179 B          94.3 kB
Ôö£ Ôùï /events/new                              3 kB            107 kB
Ôö£ Ôùï /files                                   4.9 kB          164 kB
Ôö£ Ôùï /notifications                           2.62 kB         161 kB
Ôö£ Ôùï /profile                                 6.01 kB         165 kB
Ôö£ ãÆ /projects                                4.93 kB         164 kB
Ôö£ ãÆ /projects/[id]                           11.6 kB         159 kB
Ôö£ ãÆ /projects/[id]/kanban                    4.81 kB         147 kB
Ôö£ ãÆ /projects/[id]/members                   9.42 kB         155 kB
Ôö£ ãÆ /projects/[id]/tasks                     179 B          94.3 kB
Ôö£ ãÆ /projects/[id]/tasks/new                 4.31 kB         146 kB
Ôö£ Ôùï /projects/new                            3.27 kB         166 kB
Ôö£ Ôùï /reports                                 5.72 kB         164 kB
Ôö£ ãÆ /reports/[id]                            7.54 kB         166 kB
Ôö£ ãÆ /tasks                                   6.48 kB         165 kB
Ôö£ ãÆ /tasks/[id]                              3.6 kB          129 kB
Ôö£ Ôùï /test                                    1.46 kB         127 kB
Ôö£ Ôùï /video                                   5.85 kB         164 kB
Ôöö ãÆ /video/join/[roomId]                     2.8 kB          135 kB
+ First Load JS shared by all                87.3 kB
  Ôö£ chunks/7023-d5c01abbad04304f.js          31.6 kB
  Ôö£ chunks/fd9d1056-f476ab0ae56e1abb.js      53.6 kB
  Ôöö other shared chunks (total)              2.06 kB


Ôùï  (Static)   prerendered as static content
ãÆ  (Dynamic)  server-rendered on demand

